{
    "sarscov2 - bam - stub": {
        "content": [
            {
                "0": [
                    [
                        {
                            "id": "test",
                            "single_end": false
                        },
                        "test.size:md5,d41d8cd98f00b204e9800998ecf8427e"
                    ]
                ],
                "1": [
                    "versions.yml:md5,db501fa93965ac86378ff1c8d6c68c30"
                ],
                "size": [
                    [
                        {
                            "id": "test",
                            "single_end": false
                        },
                        "test.size:md5,d41d8cd98f00b204e9800998ecf8427e"
                    ]
                ],
                "versions": [
                    "versions.yml:md5,db501fa93965ac86378ff1c8d6c68c30"
                ]
            }
        ],
        "meta": {
            "nf-test": "0.8.4",
            "nextflow": "23.10.1"
        },
        "timestamp": "2024-05-10T08:59:24.256576584"
    },
    "sarscov2 - bam": {
        "content": [
            {
                "0": [
                    [
                        {
                            "id": "test",
                            "single_end": false
                        },
                        "test.size:md5,aff113286a3368bcb9c5b708bdf5f777"
                    ]
                ],
                "1": [
                    "versions.yml:md5,db501fa93965ac86378ff1c8d6c68c30"
                ],
                "size": [
                    [
                        {
                            "id": "test",
                            "single_end": false
                        },
                        "test.size:md5,aff113286a3368bcb9c5b708bdf5f777"
                    ]
                ],
                "versions": [
                    "versions.yml:md5,db501fa93965ac86378ff1c8d6c68c30"
                ]
            }
        ],
        "meta": {
            "nf-test": "0.8.4",
            "nextflow": "23.10.1"
        },
        "timestamp": "2024-05-10T08:58:36.451081009"
    }
}